// Jest Snapshot v1, https://goo.gl/fbAQLP

exports[`Root matches snapshot 1`] = `
<BrowserRouter>
  <Header
    navItems={
      Array [
        Object {
          "id": "1",
          "link": "/pagespeed",
          "title": "PageSpeed",
        },
        Object {
          "id": "2",
          "link": "/crawl",
          "title": "Crawl Issues",
        },
      ]
    }
  />
  <Switch>
    <Route
      component={[Function]}
      exact={true}
      path="/"
    />
    <Route
      component={[Function]}
      path="/pagespeed"
    />
    <Redirect
      to="/"
    />
  </Switch>
  <Footer />
</BrowserRouter>
`;
